Detected GPU: Tesla T4 (Compute Capability 7.5)
Compute Capability < 8 detected, switching to float16 (no native bfloat16)
T4 detected, scaling down hyperparameters: seq_len=512, depth=8, batch_size=65536, window=L
Vocab size: 8,192
Model config: {'sequence_len': 512, 'vocab_size': 8192, 'n_layer': 8, 'n_head': 4, 'n_kv_head': 4, 'n_embd': 512, 'window_pattern': 'L'}
Parameter counts:
  wte                     : 4,194,304
  value_embeds            : 16,777,216
  lm_head                 : 4,194,304
  transformer_matrices    : 25,166,336
  scalars                 : 16
  total                   : 50,332,176
Estimated FLOPs per token: 2.013297e+08
Scaling AdamW LRs by 1/sqrt(512/768) = 1.224745
Time budget: 300s
Gradient accumulation steps: 1

step 00000 (0.0%) | loss: 9.011085 | lrm: 0.00 | dt: 8231ms | tok/sec: 7,962 | mfu: 0.2% | epoch: 1 | remaining: 300s    
step 00001 (0.0%) | loss: 9.011126 | lrm: 0.00 | dt: 891ms | tok/sec: 73,532 | mfu: 1.5% | epoch: 1 | remaining: 300s    
step 00002 (0.0%) | loss: 9.011109 | lrm: 0.00 | dt: 853ms | tok/sec: 76,870 | mfu: 1.6% | epoch: 1 | remaining: 300s    
step 00003 (0.0%) | loss: 9.011068 | lrm: 0.00 | dt: 857ms | tok/sec: 76,478 | mfu: 1.6% | epoch: 1 | remaining: 300s    
step 00004 (0.0%) | loss: 9.011084 | lrm: 0.00 | dt: 859ms | tok/sec: 76,252 | mfu: 1.6% | epoch: 1 | remaining: 300s    
step 00005 (0.0%) | loss: 9.011048 | lrm: 0.00 | dt: 860ms | tok/sec: 76,205 | mfu: 1.6% | epoch: 1 | remaining: 300s    
step 00006 (0.0%) | loss: 9.011061 | lrm: 0.00 | dt: 860ms | tok/sec: 76,242 | mfu: 1.6% | epoch: 1 | remaining: 300s    
step 00007 (0.0%) | loss: 9.011068 | lrm: 0.00 | dt: 867ms | tok/sec: 75,550 | mfu: 1.5% | epoch: 1 | remaining: 300s    
step 00008 (0.0%) | loss: 9.011043 | lrm: 0.00 | dt: 870ms | tok/sec: 75,298 | mfu: 1.5% | epoch: 1 | remaining: 300s    
step 00009 (0.0%) | loss: 9.011023 | lrm: 0.00 | dt: 869ms | tok/sec: 75,443 | mfu: 1.5% | epoch: 1 | remaining: 300s    
step 00010 (0.0%) | loss: 9.011014 | lrm: 0.00 | dt: 875ms | tok/sec: 74,923 | mfu: 1.5% | epoch: 1 | remaining: 300s    
step 00011 (0.0%) | loss: 9.011045 | lrm: 0.00 | dt: 868ms | tok/sec: 75,512 | mfu: 1.5% | epoch: 1 | remaining: 299s    
step 00012 (0.3%) | loss: 9.011037 | lrm: 0.03 | dt: 879ms | tok/sec: 74,568 | mfu: 1.5% | epoch: 1 | remaining: 298s    
step 00013 (0.6%) | loss: 9.009873 | lrm: 0.06 | dt: 946ms | tok/sec: 69,313 | mfu: 1.4% | epoch: 1 | remaining: 297s    
step 00014 (0.9%) | loss: 9.006576 | lrm: 0.09 | dt: 968ms | tok/sec: 67,730 | mfu: 1.4% | epoch: 1 | remaining: 296s    
step 00015 (1.2%) | loss: 8.999735 | lrm: 0.12 | dt: 975ms | tok/sec: 67,184 | mfu: 1.4% | epoch: 1 | remaining: 295s    
step 00016 (1.5%) | loss: 8.986491 | lrm: 0.15 | dt: 975ms | tok/sec: 67,225 | mfu: 1.4% | epoch: 1 | remaining: 294s    
step 00017 (1.9%) | loss: 8.961126 | lrm: 0.19 | dt: 977ms | tok/sec: 67,061 | mfu: 1.4% | epoch: 1 | remaining: 293s    
step 00018 (2.2%) | loss: 8.910848 | lrm: 0.22 | dt: 985ms | tok/sec: 66,526 | mfu: 1.4% | epoch: 1 | remaining: 292s    
step 00019 (2.5%) | loss: 8.817659 | lrm: 0.25 | dt: 994ms | tok/sec: 65,905 | mfu: 1.3% | epoch: 1 | remaining: 291s    
step 00020 (2.9%) | loss: 8.700209 | lrm: 0.29 | dt: 995ms | tok/sec: 65,873 | mfu: 1.3% | epoch: 1 | remaining: 290s    
step 00021 (3.2%) | loss: 8.564098 | lrm: 0.32 | dt: 996ms | tok/sec: 65,807 | mfu: 1.3% | epoch: 1 | remaining: 289s    
step 00022 (3.5%) | loss: 8.412520 | lrm: 0.35 | dt: 997ms | tok/sec: 65,743 | mfu: 1.3% | epoch: 1 | remaining: 288s    
step 00023 (3.9%) | loss: 8.243693 | lrm: 0.39 | dt: 1013ms | tok/sec: 64,680 | mfu: 1.3% | epoch: 1 | remaining: 287s    
step 00024 (4.2%) | loss: 8.074547 | lrm: 0.42 | dt: 1012ms | tok/sec: 64,757 | mfu: 1.3% | epoch: 1 | remaining: 286s    
step 00025 (4.5%) | loss: 7.910858 | lrm: 0.45 | dt: 1013ms | tok/sec: 64,706 | mfu: 1.3% | epoch: 1 | remaining: 285s    
step 00026 (4.9%) | loss: 7.750824 | lrm: 0.49 | dt: 1011ms | tok/sec: 64,845 | mfu: 1.3% | epoch: 1 | remaining: 284s    
step 00027 (5.2%) | loss: 7.603038 | lrm: 0.52 | dt: 1012ms | tok/sec: 64,764 | mfu: 1.3% | epoch: 1 | remaining: 283s    
step 00028 (5.5%) | loss: 7.458827 | lrm: 0.55 | dt: 1013ms | tok/sec: 64,681 | mfu: 1.3% | epoch: 1 | remaining: 282s    
step 00029 (5.9%) | loss: 7.323935 | lrm: 0.59 | dt: 1011ms | tok/sec: 64,812 | mfu: 1.3% | epoch: 1 | remaining: 281s    
step 00030 (6.2%) | loss: 7.197950 | lrm: 0.62 | dt: 1013ms | tok/sec: 64,699 | mfu: 1.3% | epoch: 1 | remaining: 280s    
step 00031 (6.6%) | loss: 7.081866 | lrm: 0.66 | dt: 1011ms | tok/sec: 64,851 | mfu: 1.3% | epoch: 1 | remaining: 279s    
step 00032 (6.9%) | loss: 6.971418 | lrm: 0.69 | dt: 1019ms | tok/sec: 64,325 | mfu: 1.3% | epoch: 1 | remaining: 278s    
step 00033 (7.2%) | loss: 6.866299 | lrm: 0.72 | dt: 1020ms | tok/sec: 64,220 | mfu: 1.3% | epoch: 1 | remaining: 277s    
step 00034 (7.6%) | loss: 6.772741 | lrm: 0.76 | dt: 1017ms | tok/sec: 64,431 | mfu: 1.3% | epoch: 1 | remaining: 276s    
step 00035 (7.9%) | loss: 6.683822 | lrm: 0.79 | dt: 1012ms | tok/sec: 64,755 | mfu: 1.3% | epoch: 1 | remaining: 275s    
step 00036 (8.2%) | loss: 6.599703 | lrm: 0.82 | dt: 1019ms | tok/sec: 64,317 | mfu: 1.3% | epoch: 1 | remaining: 274s    
step 00037 (8.6%) | loss: 6.518752 | lrm: 0.86 | dt: 1017ms | tok/sec: 64,469 | mfu: 1.3% | epoch: 1 | remaining: 273s    
step 00038 (8.9%) | loss: 6.445052 | lrm: 0.89 | dt: 1016ms | tok/sec: 64,495 | mfu: 1.3% | epoch: 1 | remaining: 272s    
step 00039 (9.3%) | loss: 6.376268 | lrm: 0.93 | dt: 1014ms | tok/sec: 64,606 | mfu: 1.3% | epoch: 1 | remaining: 271s    
step 00040 (9.6%) | loss: 6.306155 | lrm: 0.96 | dt: 1023ms | tok/sec: 64,040 | mfu: 1.3% | epoch: 1 | remaining: 270s    
step 00041 (9.9%) | loss: 6.240101 | lrm: 0.99 | dt: 1017ms | tok/sec: 64,444 | mfu: 1.3% | epoch: 1 | remaining: 269s    
step 00042 (10.3%) | loss: 6.183115 | lrm: 1.00 | dt: 1024ms | tok/sec: 64,026 | mfu: 1.3% | epoch: 1 | remaining: 268s    
step 00043 (10.6%) | loss: 6.126554 | lrm: 1.00 | dt: 1021ms | tok/sec: 64,200 | mfu: 1.3% | epoch: 1 | remaining: 267s    
step 00044 (11.0%) | loss: 6.073376 | lrm: 1.00 | dt: 1021ms | tok/sec: 64,217 | mfu: 1.3% | epoch: 1 | remaining: 266s    
step 00045 (11.3%) | loss: 6.028426 | lrm: 1.00 | dt: 1022ms | tok/sec: 64,112 | mfu: 1.3% | epoch: 1 | remaining: 265s    
step 00046 (11.6%) | loss: 5.981394 | lrm: 1.00 | dt: 1019ms | tok/sec: 64,291 | mfu: 1.3% | epoch: 1 | remaining: 264s    
step 00047 (12.0%) | loss: 5.939656 | lrm: 1.00 | dt: 1021ms | tok/sec: 64,184 | mfu: 1.3% | epoch: 1 | remaining: 263s    
step 00048 (12.3%) | loss: 5.897492 | lrm: 1.00 | dt: 1021ms | tok/sec: 64,159 | mfu: 1.3% | epoch: 1 | remaining: 262s    
step 00049 (12.7%) | loss: 5.856083 | lrm: 1.00 | dt: 1026ms | tok/sec: 63,895 | mfu: 1.3% | epoch: 1 | remaining: 261s    
step 00050 (13.0%) | loss: 5.817559 | lrm: 1.00 | dt: 1026ms | tok/sec: 63,890 | mfu: 1.3% | epoch: 1 | remaining: 260s    
step 00051 (13.3%) | loss: 5.779035 | lrm: 1.00 | dt: 1023ms | tok/sec: 64,052 | mfu: 1.3% | epoch: 1 | remaining: 259s    
step 00052 (13.7%) | loss: 5.739784 | lrm: 1.00 | dt: 1023ms | tok/sec: 64,064 | mfu: 1.3% | epoch: 1 | remaining: 258s    
step 00053 (14.0%) | loss: 5.709275 | lrm: 1.00 | dt: 1025ms | tok/sec: 63,954 | mfu: 1.3% | epoch: 1 | remaining: 257s    
step 00054 (14.4%) | loss: 5.673974 | lrm: 1.00 | dt: 1031ms | tok/sec: 63,593 | mfu: 1.3% | epoch: 1 | remaining: 256s    
step 00055 (14.7%) | loss: 5.642256 | lrm: 1.00 | dt: 1033ms | tok/sec: 63,459 | mfu: 1.3% | epoch: 1 | remaining: 255s    
step 00056 (15.1%) | loss: 5.608915 | lrm: 1.00 | dt: 1031ms | tok/sec: 63,591 | mfu: 1.3% | epoch: 1 | remaining: 254s    
step 00057 (15.4%) | loss: 5.577611 | lrm: 1.00 | dt: 1031ms | tok/sec: 63,589 | mfu: 1.3% | epoch: 1 | remaining: 253s    
step 00058 (15.7%) | loss: 5.550765 | lrm: 1.00 | dt: 1034ms | tok/sec: 63,393 | mfu: 1.3% | epoch: 1 | remaining: 252s    
step 00059 (16.1%) | loss: 5.524697 | lrm: 1.00 | dt: 1031ms | tok/sec: 63,551 | mfu: 1.3% | epoch: 1 | remaining: 251s    
step 00060 (16.4%) | loss: 5.500574 | lrm: 1.00 | dt: 1032ms | tok/sec: 63,478 | mfu: 1.3% | epoch: 1 | remaining: 250s    
step 00061 (16.8%) | loss: 5.473433 | lrm: 1.00 | dt: 1031ms | tok/sec: 63,571 | mfu: 1.3% | epoch: 1 | remaining: 249s    
step 00062 (17.1%) | loss: 5.447756 | lrm: 1.00 | dt: 1045ms | tok/sec: 62,702 | mfu: 1.3% | epoch: 1 | remaining: 248s    
step 00063 (17.5%) | loss: 5.419868 | lrm: 1.00 | dt: 1040ms | tok/sec: 63,038 | mfu: 1.3% | epoch: 1 | remaining: 247s    
step 00064 (17.8%) | loss: 5.395003 | lrm: 1.00 | dt: 1034ms | tok/sec: 63,357 | mfu: 1.3% | epoch: 1 | remaining: 246s    
step 00065 (18.2%) | loss: 5.373957 | lrm: 1.00 | dt: 1041ms | tok/sec: 62,961 | mfu: 1.3% | epoch: 1 | remaining: 244s    
step 00066 (18.5%) | loss: 5.353012 | lrm: 1.00 | dt: 1036ms | tok/sec: 63,279 | mfu: 1.3% | epoch: 1 | remaining: 243s    
step 00067 (18.9%) | loss: 5.328529 | lrm: 1.00 | dt: 1041ms | tok/sec: 62,957 | mfu: 1.3% | epoch: 1 | remaining: 242s    
step 00068 (19.2%) | loss: 5.307900 | lrm: 1.00 | dt: 1039ms | tok/sec: 63,063 | mfu: 1.3% | epoch: 1 | remaining: 241s    
step 00069 (19.5%) | loss: 5.281557 | lrm: 1.00 | dt: 1039ms | tok/sec: 63,059 | mfu: 1.3% | epoch: 1 | remaining: 240s    
step 00070 (19.9%) | loss: 5.262620 | lrm: 1.00 | dt: 1044ms | tok/sec: 62,756 | mfu: 1.3% | epoch: 1 | remaining: 239s    
step 00071 (20.2%) | loss: 5.245705 | lrm: 1.00 | dt: 1037ms | tok/sec: 63,194 | mfu: 1.3% | epoch: 1 | remaining: 238s    
step 00072 (20.6%) | loss: 5.224367 | lrm: 1.00 | dt: 1043ms | tok/sec: 62,839 | mfu: 1.3% | epoch: 1 | remaining: 237s    
step 00073 (20.9%) | loss: 5.203551 | lrm: 1.00 | dt: 1034ms | tok/sec: 63,361 | mfu: 1.3% | epoch: 1 | remaining: 236s    
step 00074 (21.3%) | loss: 5.180641 | lrm: 1.00 | dt: 1033ms | tok/sec: 63,431 | mfu: 1.3% | epoch: 1 | remaining: 235s    
step 00075 (21.6%) | loss: 5.163206 | lrm: 1.00 | dt: 1036ms | tok/sec: 63,283 | mfu: 1.3% | epoch: 1 | remaining: 234s    
step 00076 (22.0%) | loss: 5.143769 | lrm: 1.00 | dt: 1042ms | tok/sec: 62,888 | mfu: 1.3% | epoch: 1 | remaining: 233s    
step 00077 (22.3%) | loss: 5.124733 | lrm: 1.00 | dt: 1038ms | tok/sec: 63,150 | mfu: 1.3% | epoch: 1 | remaining: 232s    
step 00078 (22.7%) | loss: 5.111030 | lrm: 1.00 | dt: 1039ms | tok/sec: 63,102 | mfu: 1.3% | epoch: 1 | remaining: 231s    
step 00079 (23.0%) | loss: 5.089319 | lrm: 1.00 | dt: 1036ms | tok/sec: 63,268 | mfu: 1.3% | epoch: 1 | remaining: 230s    
step 00080 (23.4%) | loss: 5.073449 | lrm: 1.00 | dt: 1040ms | tok/sec: 63,021 | mfu: 1.3% | epoch: 1 | remaining: 229s    
step 00081 (23.7%) | loss: 5.057337 | lrm: 1.00 | dt: 1037ms | tok/sec: 63,180 | mfu: 1.3% | epoch: 1 | remaining: 228s    
step 00082 (24.0%) | loss: 5.037067 | lrm: 1.00 | dt: 1032ms | tok/sec: 63,498 | mfu: 1.3% | epoch: 1 | remaining: 227s    
step 00083 (24.4%) | loss: 5.019725 | lrm: 1.00 | dt: 1033ms | tok/sec: 63,417 | mfu: 1.3% | epoch: 1 | remaining: 226s    
step 00084 (24.7%) | loss: 4.997978 | lrm: 1.00 | dt: 1036ms | tok/sec: 63,283 | mfu: 1.3% | epoch: 1 | remaining: 225s    
step 00085 (25.1%) | loss: 4.988153 | lrm: 1.00 | dt: 1034ms | tok/sec: 63,411 | mfu: 1.3% | epoch: 1 | remaining: 224s    
step 00086 (25.4%) | loss: 4.974593 | lrm: 1.00 | dt: 1034ms | tok/sec: 63,355 | mfu: 1.3% | epoch: 1 | remaining: 223s    
step 00087 (25.8%) | loss: 4.955780 | lrm: 1.00 | dt: 1033ms | tok/sec: 63,451 | mfu: 1.3% | epoch: 1 | remaining: 222s    
step 00088 (26.1%) | loss: 4.943418 | lrm: 1.00 | dt: 1035ms | tok/sec: 63,348 | mfu: 1.3% | epoch: 1 | remaining: 221s    
step 00089 (26.5%) | loss: 4.925283 | lrm: 1.00 | dt: 1030ms | tok/sec: 63,610 | mfu: 1.3% | epoch: 1 | remaining: 220s    
step 00090 (26.8%) | loss: 4.906786 | lrm: 1.00 | dt: 1034ms | tok/sec: 63,407 | mfu: 1.3% | epoch: 1 | remaining: 219s    
step 00091 (27.1%) | loss: 4.893089 | lrm: 1.00 | dt: 1027ms | tok/sec: 63,786 | mfu: 1.3% | epoch: 1 | remaining: 218s    
step 00092 (27.5%) | loss: 4.877912 | lrm: 1.00 | dt: 1034ms | tok/sec: 63,397 | mfu: 1.3% | epoch: 1 | remaining: 217s    
step 00093 (27.8%) | loss: 4.865536 | lrm: 1.00 | dt: 1033ms | tok/sec: 63,416 | mfu: 1.3% | epoch: 1 | remaining: 215s    
step 00094 (28.2%) | loss: 4.853979 | lrm: 1.00 | dt: 1032ms | tok/sec: 63,532 | mfu: 1.3% | epoch: 1 | remaining: 214s    
step 00095 (28.5%) | loss: 4.843082 | lrm: 1.00 | dt: 1031ms | tok/sec: 63,585 | mfu: 1.3% | epoch: 1 | remaining: 213s    
step 00096 (28.9%) | loss: 4.828052 | lrm: 1.00 | dt: 1033ms | tok/sec: 63,460 | mfu: 1.3% | epoch: 1 | remaining: 212s    
step 00097 (29.2%) | loss: 4.813512 | lrm: 1.00 | dt: 1034ms | tok/sec: 63,386 | mfu: 1.3% | epoch: 1 | remaining: 211s    
step 00098 (29.6%) | loss: 4.795403 | lrm: 1.00 | dt: 1034ms | tok/sec: 63,395 | mfu: 1.3% | epoch: 1 | remaining: 210s    
step 00099 (29.9%) | loss: 4.783837 | lrm: 1.00 | dt: 1030ms | tok/sec: 63,618 | mfu: 1.3% | epoch: 1 | remaining: 209s    
step 00100 (30.2%) | loss: 4.764790 | lrm: 1.00 | dt: 1029ms | tok/sec: 63,661 | mfu: 1.3% | epoch: 1 | remaining: 208s    
step 00101 (30.6%) | loss: 4.746911 | lrm: 1.00 | dt: 1025ms | tok/sec: 63,913 | mfu: 1.3% | epoch: 1 | remaining: 207s    
step 00102 (30.9%) | loss: 4.734093 | lrm: 1.00 | dt: 1027ms | tok/sec: 63,785 | mfu: 1.3% | epoch: 1 | remaining: 206s    
step 00103 (31.3%) | loss: 4.724396 | lrm: 1.00 | dt: 1026ms | tok/sec: 63,881 | mfu: 1.3% | epoch: 1 | remaining: 205s    
step 00104 (31.6%) | loss: 4.708994 | lrm: 1.00 | dt: 1030ms | tok/sec: 63,615 | mfu: 1.3% | epoch: 1 | remaining: 204s    
step 00105 (32.0%) | loss: 4.693814 | lrm: 1.00 | dt: 1023ms | tok/sec: 64,034 | mfu: 1.3% | epoch: 1 | remaining: 203s    
step 00106 (32.3%) | loss: 4.676536 | lrm: 1.00 | dt: 1024ms | tok/sec: 63,976 | mfu: 1.3% | epoch: 1 | remaining: 202s    
step 00107 (32.6%) | loss: 4.659584 | lrm: 1.00 | dt: 1028ms | tok/sec: 63,756 | mfu: 1.3% | epoch: 1 | remaining: 201s    
step 00108 (33.0%) | loss: 4.650355 | lrm: 1.00 | dt: 1031ms | tok/sec: 63,572 | mfu: 1.3% | epoch: 1 | remaining: 200s    
step 00109 (33.3%) | loss: 4.637608 | lrm: 1.00 | dt: 1028ms | tok/sec: 63,734 | mfu: 1.3% | epoch: 1 | remaining: 199s    
step 00110 (33.7%) | loss: 4.624692 | lrm: 1.00 | dt: 1024ms | tok/sec: 63,980 | mfu: 1.3% | epoch: 1 | remaining: 198s    
step 00111 (34.0%) | loss: 4.613111 | lrm: 1.00 | dt: 1022ms | tok/sec: 64,114 | mfu: 1.3% | epoch: 1 | remaining: 197s    
step 00112 (34.3%) | loss: 4.601776 | lrm: 1.00 | dt: 1030ms | tok/sec: 63,596 | mfu: 1.3% | epoch: 1 | remaining: 196s    
step 00113 (34.7%) | loss: 4.583450 | lrm: 1.00 | dt: 1027ms | tok/sec: 63,790 | mfu: 1.3% | epoch: 1 | remaining: 195s    
step 00114 (35.0%) | loss: 4.574016 | lrm: 1.00 | dt: 1024ms | tok/sec: 63,995 | mfu: 1.3% | epoch: 1 | remaining: 194s    
step 00115 (35.4%) | loss: 4.559624 | lrm: 1.00 | dt: 1024ms | tok/sec: 63,990 | mfu: 1.3% | epoch: 1 | remaining: 193s    
step 00116 (35.7%) | loss: 4.545348 | lrm: 1.00 | dt: 1030ms | tok/sec: 63,647 | mfu: 1.3% | epoch: 1 | remaining: 192s    
step 00117 (36.1%) | loss: 4.534898 | lrm: 1.00 | dt: 1032ms | tok/sec: 63,516 | mfu: 1.3% | epoch: 1 | remaining: 191s    
step 00118 (36.4%) | loss: 4.523407 | lrm: 1.00 | dt: 1024ms | tok/sec: 63,977 | mfu: 1.3% | epoch: 1 | remaining: 190s    
step 00119 (36.7%) | loss: 4.515327 | lrm: 1.00 | dt: 1027ms | tok/sec: 63,825 | mfu: 1.3% | epoch: 1 | remaining: 189s    
step 00120 (37.1%) | loss: 4.503734 | lrm: 1.00 | dt: 1024ms | tok/sec: 63,991 | mfu: 1.3% | epoch: 1 | remaining: 188s    
step 00121 (37.4%) | loss: 4.486659 | lrm: 1.00 | dt: 1024ms | tok/sec: 64,016 | mfu: 1.3% | epoch: 1 | remaining: 187s    
step 00122 (37.8%) | loss: 4.482105 | lrm: 1.00 | dt: 1027ms | tok/sec: 63,794 | mfu: 1.3% | epoch: 1 | remaining: 186s    
step 00123 (38.1%) | loss: 4.470144 | lrm: 1.00 | dt: 1024ms | tok/sec: 63,990 | mfu: 1.3% | epoch: 1 | remaining: 185s    
step 00124 (38.5%) | loss: 4.456726 | lrm: 1.00 | dt: 1022ms | tok/sec: 64,124 | mfu: 1.3% | epoch: 1 | remaining: 184s    
step 00125 (38.8%) | loss: 4.449573 | lrm: 1.00 | dt: 1021ms | tok/sec: 64,194 | mfu: 1.3% | epoch: 1 | remaining: 183s    
step 00126 (39.1%) | loss: 4.442022 | lrm: 1.00 | dt: 1020ms | tok/sec: 64,274 | mfu: 1.3% | epoch: 1 | remaining: 182s    
step 00127 (39.5%) | loss: 4.434913 | lrm: 1.00 | dt: 1024ms | tok/sec: 63,980 | mfu: 1.3% | epoch: 1 | remaining: 181s    
step 00128 (39.8%) | loss: 4.417556 | lrm: 1.00 | dt: 1019ms | tok/sec: 64,345 | mfu: 1.3% | epoch: 1 | remaining: 180s    
step 00129 (40.2%) | loss: 4.405634 | lrm: 1.00 | dt: 1024ms | tok/sec: 63,969 | mfu: 1.3% | epoch: 1 | remaining: 179s    
step 00130 (40.5%) | loss: 4.391034 | lrm: 1.00 | dt: 1021ms | tok/sec: 64,204 | mfu: 1.3% | epoch: 1 | remaining: 177s    
step 00131 (40.8%) | loss: 4.378953 | lrm: 1.00 | dt: 1021ms | tok/sec: 64,158 | mfu: 1.3% | epoch: 1 | remaining: 176s    
step 00132 (41.2%) | loss: 4.367687 | lrm: 1.00 | dt: 1022ms | tok/sec: 64,098 | mfu: 1.3% | epoch: 1 | remaining: 175s    
step 00133 (41.5%) | loss: 4.354043 | lrm: 1.00 | dt: 1020ms | tok/sec: 64,230 | mfu: 1.3% | epoch: 1 | remaining: 174s    
step 00134 (41.9%) | loss: 4.344087 | lrm: 1.00 | dt: 1020ms | tok/sec: 64,226 | mfu: 1.3% | epoch: 1 | remaining: 173s    
step 00135 (42.2%) | loss: 4.332725 | lrm: 1.00 | dt: 1020ms | tok/sec: 64,238 | mfu: 1.3% | epoch: 1 | remaining: 172s    
step 00136 (42.5%) | loss: 4.320874 | lrm: 1.00 | dt: 1019ms | tok/sec: 64,298 | mfu: 1.3% | epoch: 1 | remaining: 171s    
step 00137 (42.9%) | loss: 4.311760 | lrm: 1.00 | dt: 1022ms | tok/sec: 64,122 | mfu: 1.3% | epoch: 1 | remaining: 170s    
step 00138 (43.2%) | loss: 4.307221 | lrm: 1.00 | dt: 1023ms | tok/sec: 64,046 | mfu: 1.3% | epoch: 1 | remaining: 169s    
step 00139 (43.6%) | loss: 4.294962 | lrm: 1.00 | dt: 1020ms | tok/sec: 64,268 | mfu: 1.3% | epoch: 1 | remaining: 168s    
step 00140 (43.9%) | loss: 4.284946 | lrm: 1.00 | dt: 1021ms | tok/sec: 64,211 | mfu: 1.3% | epoch: 1 | remaining: 167s    
step 00141 (44.2%) | loss: 4.281022 | lrm: 1.00 | dt: 1022ms | tok/sec: 64,140 | mfu: 1.3% | epoch: 1 | remaining: 166s    
step 00142 (44.6%) | loss: 4.272259 | lrm: 1.00 | dt: 1022ms | tok/sec: 64,107 | mfu: 1.3% | epoch: 1 | remaining: 165s    
step 00143 (44.9%) | loss: 4.265098 | lrm: 1.00 | dt: 1022ms | tok/sec: 64,122 | mfu: 1.3% | epoch: 1 | remaining: 164s    
step 00144 (45.3%) | loss: 4.255520 | lrm: 1.00 | dt: 1021ms | tok/sec: 64,183 | mfu: 1.3% | epoch: 1 | remaining: 163s    
step 00145 (45.6%) | loss: 4.254128 | lrm: 1.00 | dt: 1023ms | tok/sec: 64,084 | mfu: 1.3% | epoch: 1 | remaining: 162s    
step 00146 (45.9%) | loss: 4.248745 | lrm: 1.00 | dt: 1022ms | tok/sec: 64,146 | mfu: 1.3% | epoch: 1 | remaining: 161s    
step 00147 (46.3%) | loss: 4.241664 | lrm: 1.00 | dt: 1024ms | tok/sec: 64,026 | mfu: 1.3% | epoch: 1 | remaining: 160s    
step 00148 (46.6%) | loss: 4.230865 | lrm: 1.00 | dt: 1024ms | tok/sec: 63,976 | mfu: 1.3% | epoch: 1 | remaining: 159s    
step 00149 (47.0%) | loss: 4.228022 | lrm: 1.00 | dt: 1020ms | tok/sec: 64,222 | mfu: 1.3% | epoch: 1 | remaining: 158s    
step 00150 (47.3%) | loss: 4.219606 | lrm: 1.00 | dt: 1022ms | tok/sec: 64,105 | mfu: 1.3% | epoch: 1 | remaining: 157s    
step 00151 (47.6%) | loss: 4.204997 | lrm: 1.00 | dt: 1026ms | tok/sec: 63,889 | mfu: 1.3% | epoch: 1 | remaining: 156s    
step 00152 (48.0%) | loss: 4.198322 | lrm: 1.00 | dt: 1032ms | tok/sec: 63,507 | mfu: 1.3% | epoch: 1 | remaining: 155s    
step 00153 (48.3%) | loss: 4.189555 | lrm: 1.00 | dt: 1021ms | tok/sec: 64,171 | mfu: 1.3% | epoch: 1 | remaining: 154s    
step 00154 (48.7%) | loss: 4.192629 | lrm: 1.00 | dt: 1024ms | tok/sec: 64,020 | mfu: 1.3% | epoch: 1 | remaining: 153s    
step 00155 (49.0%) | loss: 4.187840 | lrm: 1.00 | dt: 1023ms | tok/sec: 64,059 | mfu: 1.3% | epoch: 1 | remaining: 152s    
step 00156 (49.4%) | loss: 4.182048 | lrm: 1.00 | dt: 1026ms | tok/sec: 63,898 | mfu: 1.3% | epoch: 1 | remaining: 151s    
step 00157 (49.7%) | loss: 4.175971 | lrm: 1.00 | dt: 1029ms | tok/sec: 63,676 | mfu: 1.3% | epoch: 1 | remaining: 150s    
step 00158 (50.0%) | loss: 4.166484 | lrm: 1.00 | dt: 1028ms | tok/sec: 63,723 | mfu: 1.3% | epoch: 1 | remaining: 149s    
step 00159 (50.4%) | loss: 4.162265 | lrm: 0.99 | dt: 1019ms | tok/sec: 64,292 | mfu: 1.3% | epoch: 1 | remaining: 148s    
step 00160 (50.7%) | loss: 4.158378 | lrm: 0.99 | dt: 1032ms | tok/sec: 63,523 | mfu: 1.3% | epoch: 1 | remaining: 147s    
step 00161 (51.1%) | loss: 4.152425 | lrm: 0.98 | dt: 1031ms | tok/sec: 63,540 | mfu: 1.3% | epoch: 1 | remaining: 146s    
step 00162 (51.4%) | loss: 4.142046 | lrm: 0.97 | dt: 1030ms | tok/sec: 63,647 | mfu: 1.3% | epoch: 1 | remaining: 145s    
step 00163 (51.8%) | loss: 4.133120 | lrm: 0.96 | dt: 1028ms | tok/sec: 63,743 | mfu: 1.3% | epoch: 1 | remaining: 144s    
step 00164 (52.1%) | loss: 4.123219 | lrm: 0.96 | dt: 1032ms | tok/sec: 63,523 | mfu: 1.3% | epoch: 1 | remaining: 143s    
step 00165 (52.4%) | loss: 4.117113 | lrm: 0.95 | dt: 1026ms | tok/sec: 63,895 | mfu: 1.3% | epoch: 1 | remaining: 142s    
step 00166 (52.8%) | loss: 4.114418 | lrm: 0.94 | dt: 1029ms | tok/sec: 63,684 | mfu: 1.3% | epoch: 1 | remaining: 141s    
step 00167 (53.1%) | loss: 4.113716 | lrm: 0.94 | dt: 1033ms | tok/sec: 63,440 | mfu: 1.3% | epoch: 1 | remaining: 140s    
step 00168 (53.5%) | loss: 4.109534 | lrm: 0.93 | dt: 1033ms | tok/sec: 63,427 | mfu: 1.3% | epoch: 1 | remaining: 139s    
step 00169 (53.8%) | loss: 4.101125 | lrm: 0.92 | dt: 1030ms | tok/sec: 63,649 | mfu: 1.3% | epoch: 1 | remaining: 138s    
step 00170 (54.2%) | loss: 4.096633 | lrm: 0.92 | dt: 1031ms | tok/sec: 63,592 | mfu: 1.3% | epoch: 1 | remaining: 136s    
step 00171 (54.5%) | loss: 4.085029 | lrm: 0.91 | dt: 1031ms | tok/sec: 63,584 | mfu: 1.3% | epoch: 1 | remaining: 135s    
step 00172 (54.8%) | loss: 4.084325 | lrm: 0.90 | dt: 1034ms | tok/sec: 63,381 | mfu: 1.3% | epoch: 1 | remaining: 134s    
step 00173 (55.2%) | loss: 4.076006 | lrm: 0.90 | dt: 1029ms | tok/sec: 63,674 | mfu: 1.3% | epoch: 1 | remaining: 133s    
step 00174 (55.5%) | loss: 4.065831 | lrm: 0.89 | dt: 1034ms | tok/sec: 63,393 | mfu: 1.3% | epoch: 1 | remaining: 132s    
step 00175 (55.9%) | loss: 4.066429 | lrm: 0.88 | dt: 1031ms | tok/sec: 63,549 | mfu: 1.3% | epoch: 1 | remaining: 131s    
step 00176 (56.2%) | loss: 4.063903 | lrm: 0.88 | dt: 1030ms | tok/sec: 63,597 | mfu: 1.3% | epoch: 1 | remaining: 130s    
step 00177 (56.6%) | loss: 4.064251 | lrm: 0.87 | dt: 1032ms | tok/sec: 63,518 | mfu: 1.3% | epoch: 1 | remaining: 129s    
step 00178 (56.9%) | loss: 4.060913 | lrm: 0.86 | dt: 1029ms | tok/sec: 63,719 | mfu: 1.3% | epoch: 1 | remaining: 128s    
step 00179 (57.3%) | loss: 4.048204 | lrm: 0.85 | dt: 1033ms | tok/sec: 63,464 | mfu: 1.3% | epoch: 1 | remaining: 127s    
step 00180 (57.6%) | loss: 4.039601 | lrm: 0.85 | dt: 1030ms | tok/sec: 63,637 | mfu: 1.3% | epoch: 1 | remaining: 126s    
step 00181 (57.9%) | loss: 4.036795 | lrm: 0.84 | dt: 1030ms | tok/sec: 63,629 | mfu: 1.3% | epoch: 1 | remaining: 125s    
step 00182 (58.3%) | loss: 4.034516 | lrm: 0.83 | dt: 1028ms | tok/sec: 63,720 | mfu: 1.3% | epoch: 1 | remaining: 124s    
step 00183 (58.6%) | loss: 4.028639 | lrm: 0.83 | dt: 1026ms | tok/sec: 63,847 | mfu: 1.3% | epoch: 1 | remaining: 123s    
step 00184 (59.0%) | loss: 4.021353 | lrm: 0.82 | dt: 1025ms | tok/sec: 63,913 | mfu: 1.3% | epoch: 1 | remaining: 122s    
step 00185 (59.3%) | loss: 4.020121 | lrm: 0.81 | dt: 1022ms | tok/sec: 64,101 | mfu: 1.3% | epoch: 1 | remaining: 121s    
step 00186 (59.7%) | loss: 4.013900 | lrm: 0.81 | dt: 1025ms | tok/sec: 63,907 | mfu: 1.3% | epoch: 1 | remaining: 120s    
step 00187 (60.0%) | loss: 4.006734 | lrm: 0.80 | dt: 1035ms | tok/sec: 63,339 | mfu: 1.3% | epoch: 1 | remaining: 119s    
step 00188 (60.3%) | loss: 4.001655 | lrm: 0.79 | dt: 1026ms | tok/sec: 63,875 | mfu: 1.3% | epoch: 1 | remaining: 118s    
step 00189 (60.7%) | loss: 3.996947 | lrm: 0.79 | dt: 1032ms | tok/sec: 63,490 | mfu: 1.3% | epoch: 1 | remaining: 117s    
step 00190 (61.0%) | loss: 3.985934 | lrm: 0.78 | dt: 1033ms | tok/sec: 63,449 | mfu: 1.3% | epoch: 1 | remaining: 116s    
step 00191 (61.4%) | loss: 3.985230 | lrm: 0.77 | dt: 1029ms | tok/sec: 63,666 | mfu: 1.3% | epoch: 1 | remaining: 115s    
step 00192 (61.7%) | loss: 3.979684 | lrm: 0.77 | dt: 1030ms | tok/sec: 63,619 | mfu: 1.3% | epoch: 1 | remaining: 114s    
step 00193 (62.1%) | loss: 3.970764 | lrm: 0.76 | dt: 1023ms | tok/sec: 64,056 | mfu: 1.3% | epoch: 1 | remaining: 113s    
step 00194 (62.4%) | loss: 3.970641 | lrm: 0.75 | dt: 1023ms | tok/sec: 64,056 | mfu: 1.3% | epoch: 1 | remaining: 112s    
step 00195 (62.7%) | loss: 3.966522 | lrm: 0.75 | dt: 1022ms | tok/sec: 64,144 | mfu: 1.3% | epoch: 1 | remaining: 111s    
step 00196 (63.1%) | loss: 3.960375 | lrm: 0.74 | dt: 1030ms | tok/sec: 63,630 | mfu: 1.3% | epoch: 1 | remaining: 110s    
step 00197 (63.4%) | loss: 3.959869 | lrm: 0.73 | dt: 1030ms | tok/sec: 63,636 | mfu: 1.3% | epoch: 1 | remaining: 109s    
step 00198 (63.8%) | loss: 3.953703 | lrm: 0.72 | dt: 1023ms | tok/sec: 64,054 | mfu: 1.3% | epoch: 1 | remaining: 108s    
step 00199 (64.1%) | loss: 3.949772 | lrm: 0.72 | dt: 1030ms | tok/sec: 63,657 | mfu: 1.3% | epoch: 1 | remaining: 107s    
step 00200 (64.4%) | loss: 3.947583 | lrm: 0.71 | dt: 1021ms | tok/sec: 64,163 | mfu: 1.3% | epoch: 1 | remaining: 106s    
step 00201 (64.8%) | loss: 3.946311 | lrm: 0.70 | dt: 1021ms | tok/sec: 64,202 | mfu: 1.3% | epoch: 1 | remaining: 105s    
step 00202 (65.1%) | loss: 3.941713 | lrm: 0.70 | dt: 1022ms | tok/sec: 64,093 | mfu: 1.3% | epoch: 1 | remaining: 104s    
step 00203 (65.5%) | loss: 3.930593 | lrm: 0.69 | dt: 1025ms | tok/sec: 63,953 | mfu: 1.3% | epoch: 1 | remaining: 103s    
step 00204 (65.8%) | loss: 3.930018 | lrm: 0.68 | dt: 1032ms | tok/sec: 63,492 | mfu: 1.3% | epoch: 1 | remaining: 102s    
step 00205 (66.2%) | loss: 3.926484 | lrm: 0.68 | dt: 1024ms | tok/sec: 64,005 | mfu: 1.3% | epoch: 1 | remaining: 101s    
step 00206 (66.5%) | loss: 3.924260 | lrm: 0.67 | dt: 1024ms | tok/sec: 63,972 | mfu: 1.3% | epoch: 1 | remaining: 99s    
step 00207 (66.8%) | loss: 3.918767 | lrm: 0.66 | dt: 1021ms | tok/sec: 64,177 | mfu: 1.3% | epoch: 1 | remaining: 98s    
step 00208 (67.2%) | loss: 3.911793 | lrm: 0.66 | dt: 1022ms | tok/sec: 64,122 | mfu: 1.3% | epoch: 1 | remaining: 97s    
step 00209 (67.5%) | loss: 3.907226 | lrm: 0.65 | dt: 1022ms | tok/sec: 64,155 | mfu: 1.3% | epoch: 1 | remaining: 96s    
step 00210 (67.9%) | loss: 3.907834 | lrm: 0.64 | dt: 1023ms | tok/sec: 64,037 | mfu: 1.3% | epoch: 1 | remaining: 95s    
step 00211 (68.2%) | loss: 3.904770 | lrm: 0.64 | dt: 1021ms | tok/sec: 64,186 | mfu: 1.3% | epoch: 1 | remaining: 94s    
step 00212 (68.5%) | loss: 3.902281 | lrm: 0.63 | dt: 1026ms | tok/sec: 63,853 | mfu: 1.3% | epoch: 1 | remaining: 93s    
step 00213 (68.9%) | loss: 3.896012 | lrm: 0.62 | dt: 1019ms | tok/sec: 64,292 | mfu: 1.3% | epoch: 1 | remaining: 92s    
step 00214 (69.2%) | loss: 3.896696 | lrm: 0.62 | dt: 1024ms | tok/sec: 64,023 | mfu: 1.3% | epoch: 1 | remaining: 91s    
step 00215 (69.6%) | loss: 3.896375 | lrm: 0.61 | dt: 1024ms | tok/sec: 63,993 | mfu: 1.3% | epoch: 1 | remaining: 90s    
step 00216 (69.9%) | loss: 3.889952 | lrm: 0.60 | dt: 1024ms | tok/sec: 63,974 | mfu: 1.3% | epoch: 1 | remaining: 89s    
step 00217 (70.2%) | loss: 3.891724 | lrm: 0.60 | dt: 1018ms | tok/sec: 64,359 | mfu: 1.3% | epoch: 1 | remaining: 88s    
step 00218 (70.6%) | loss: 3.880614 | lrm: 0.59 | dt: 1027ms | tok/sec: 63,817 | mfu: 1.3% | epoch: 1 | remaining: 87s    
step 00219 (70.9%) | loss: 3.874611 | lrm: 0.58 | dt: 1020ms | tok/sec: 64,237 | mfu: 1.3% | epoch: 1 | remaining: 86s    
step 00220 (71.3%) | loss: 3.865202 | lrm: 0.57 | dt: 1026ms | tok/sec: 63,851 | mfu: 1.3% | epoch: 1 | remaining: 85s    
step 00221 (71.6%) | loss: 3.859292 | lrm: 0.57 | dt: 1018ms | tok/sec: 64,371 | mfu: 1.3% | epoch: 1 | remaining: 84s    
step 00222 (71.9%) | loss: 3.853429 | lrm: 0.56 | dt: 1025ms | tok/sec: 63,943 | mfu: 1.3% | epoch: 1 | remaining: 83s    
step 00223 (72.3%) | loss: 3.853503 | lrm: 0.55 | dt: 1021ms | tok/sec: 64,209 | mfu: 1.3% | epoch: 1 | remaining: 82s    
step 00224 (72.6%) | loss: 3.855042 | lrm: 0.55 | dt: 1024ms | tok/sec: 63,997 | mfu: 1.3% | epoch: 1 | remaining: 81s    
step 00225 (73.0%) | loss: 3.845031 | lrm: 0.54 | dt: 1020ms | tok/sec: 64,229 | mfu: 1.3% | epoch: 1 | remaining: 80s    
step 00226 (73.3%) | loss: 3.840934 | lrm: 0.53 | dt: 1014ms | tok/sec: 64,658 | mfu: 1.3% | epoch: 1 | remaining: 79s    
step 00227 (73.7%) | loss: 3.837980 | lrm: 0.53 | dt: 1022ms | tok/sec: 64,107 | mfu: 1.3% | epoch: 1 | remaining: 78s    
step 00228 (74.0%) | loss: 3.837618 | lrm: 0.52 | dt: 1021ms | tok/sec: 64,202 | mfu: 1.3% | epoch: 1 | remaining: 77s    
step 00229 (74.3%) | loss: 3.835039 | lrm: 0.51 | dt: 1015ms | tok/sec: 64,574 | mfu: 1.3% | epoch: 1 | remaining: 76s    
step 00230 (74.7%) | loss: 3.829305 | lrm: 0.51 | dt: 1024ms | tok/sec: 64,021 | mfu: 1.3% | epoch: 1 | remaining: 75s    
step 00231 (75.0%) | loss: 3.826344 | lrm: 0.50 | dt: 1021ms | tok/sec: 64,169 | mfu: 1.3% | epoch: 1 | remaining: 74s    
step 00232 (75.4%) | loss: 3.825496 | lrm: 0.49 | dt: 1022ms | tok/sec: 64,138 | mfu: 1.3% | epoch: 1 | remaining: 73s    
step 00233 (75.7%) | loss: 3.819155 | lrm: 0.49 | dt: 1022ms | tok/sec: 64,144 | mfu: 1.3% | epoch: 1 | remaining: 72s    
step 00234 (76.0%) | loss: 3.817573 | lrm: 0.48 | dt: 1021ms | tok/sec: 64,173 | mfu: 1.3% | epoch: 1 | remaining: 71s    
step 00235 (76.4%) | loss: 3.813665 | lrm: 0.47 | dt: 1021ms | tok/sec: 64,162 | mfu: 1.3% | epoch: 1 | remaining: 70s    
step 00236 (76.7%) | loss: 3.813971 | lrm: 0.47 | dt: 1020ms | tok/sec: 64,220 | mfu: 1.3% | epoch: 1 | remaining: 69s    
step 00237 (77.1%) | loss: 3.808208 | lrm: 0.46 | dt: 1021ms | tok/sec: 64,165 | mfu: 1.3% | epoch: 1 | remaining: 68s    
step 00238 (77.4%) | loss: 3.803903 | lrm: 0.45 | dt: 1020ms | tok/sec: 64,232 | mfu: 1.3% | epoch: 1 | remaining: 67s    
step 00239 (77.7%) | loss: 3.798022 | lrm: 0.45 | dt: 1020ms | tok/sec: 64,263 | mfu: 1.3% | epoch: 1 | remaining: 66s    
step 00240 (78.1%) | loss: 3.796754 | lrm: 0.44 | dt: 1022ms | tok/sec: 64,116 | mfu: 1.3% | epoch: 1 | remaining: 65s    
step 00241 (78.4%) | loss: 3.790401 | lrm: 0.43 | dt: 1019ms | tok/sec: 64,301 | mfu: 1.3% | epoch: 1 | remaining: 64s    
step 00242 (78.8%) | loss: 3.788784 | lrm: 0.42 | dt: 1022ms | tok/sec: 64,108 | mfu: 1.3% | epoch: 1 | remaining: 63s    
step 00243 (79.1%) | loss: 3.785032 | lrm: 0.42 | dt: 1018ms | tok/sec: 64,347 | mfu: 1.3% | epoch: 1 | remaining: 62s    
step 00244 (79.4%) | loss: 3.779471 | lrm: 0.41 | dt: 1012ms | tok/sec: 64,752 | mfu: 1.3% | epoch: 1 | remaining: 61s    
step 00245 (79.8%) | loss: 3.775276 | lrm: 0.40 | dt: 1023ms | tok/sec: 64,066 | mfu: 1.3% | epoch: 1 | remaining: 60s    
step 00246 (80.1%) | loss: 3.771596 | lrm: 0.40 | dt: 1019ms | tok/sec: 64,283 | mfu: 1.3% | epoch: 1 | remaining: 59s    
step 00247 (80.5%) | loss: 3.766452 | lrm: 0.39 | dt: 1009ms | tok/sec: 64,925 | mfu: 1.3% | epoch: 1 | remaining: 58s    
step 00248 (80.8%) | loss: 3.763950 | lrm: 0.38 | dt: 1024ms | tok/sec: 63,979 | mfu: 1.3% | epoch: 1 | remaining: 57s    
step 00249 (81.1%) | loss: 3.766491 | lrm: 0.38 | dt: 1019ms | tok/sec: 64,341 | mfu: 1.3% | epoch: 1 | remaining: 56s    
step 00250 (81.5%) | loss: 3.765374 | lrm: 0.37 | dt: 1010ms | tok/sec: 64,875 | mfu: 1.3% | epoch: 1 | remaining: 55s    
step 00251 (81.8%) | loss: 3.761074 | lrm: 0.36 | dt: 1011ms | tok/sec: 64,822 | mfu: 1.3% | epoch: 1 | remaining: 54s    
step 00252 (82.1%) | loss: 3.759057 | lrm: 0.36 | dt: 1022ms | tok/sec: 64,153 | mfu: 1.3% | epoch: 1 | remaining: 53s    
step 00253 (82.5%) | loss: 3.754625 | lrm: 0.35 | dt: 1012ms | tok/sec: 64,729 | mfu: 1.3% | epoch: 1 | remaining: 52s    
step 00254 (82.8%) | loss: 3.757822 | lrm: 0.34 | dt: 1020ms | tok/sec: 64,257 | mfu: 1.3% | epoch: 1 | remaining: 51s    
step 00255 (83.2%) | loss: 3.747457 | lrm: 0.34 | dt: 1023ms | tok/sec: 64,070 | mfu: 1.3% | epoch: 1 | remaining: 49s    
step 00256 (83.5%) | loss: 3.741601 | lrm: 0.33 | dt: 1022ms | tok/sec: 64,142 | mfu: 1.3% | epoch: 1 | remaining: 48s    
step 00257 (83.8%) | loss: 3.729625 | lrm: 0.32 | dt: 1011ms | tok/sec: 64,847 | mfu: 1.3% | epoch: 1 | remaining: 47s    
step 00258 (84.2%) | loss: 3.721958 | lrm: 0.32 | dt: 1024ms | tok/sec: 63,993 | mfu: 1.3% | epoch: 1 | remaining: 46s    
step 00259 (84.5%) | loss: 3.717508 | lrm: 0.31 | dt: 1020ms | tok/sec: 64,275 | mfu: 1.3% | epoch: 1 | remaining: 45s    
step 00260 (84.9%) | loss: 3.711377 | lrm: 0.30 | dt: 1024ms | tok/sec: 63,998 | mfu: 1.3% | epoch: 1 | remaining: 44s    
step 00261 (85.2%) | loss: 3.707979 | lrm: 0.30 | dt: 1019ms | tok/sec: 64,344 | mfu: 1.3% | epoch: 1 | remaining: 43s    
step 00262 (85.5%) | loss: 3.700953 | lrm: 0.29 | dt: 1011ms | tok/sec: 64,849 | mfu: 1.3% | epoch: 1 | remaining: 42s    
step 00263 (85.9%) | loss: 3.698320 | lrm: 0.28 | dt: 1023ms | tok/sec: 64,076 | mfu: 1.3% | epoch: 1 | remaining: 41s    
step 00264 (86.2%) | loss: 3.705711 | lrm: 0.28 | dt: 1021ms | tok/sec: 64,179 | mfu: 1.3% | epoch: 1 | remaining: 40s    
step 00265 (86.6%) | loss: 3.705910 | lrm: 0.27 | dt: 1021ms | tok/sec: 64,166 | mfu: 1.3% | epoch: 1 | remaining: 39s    
step 00266 (86.9%) | loss: 3.712603 | lrm: 0.26 | dt: 1018ms | tok/sec: 64,361 | mfu: 1.3% | epoch: 1 | remaining: 38s    
step 00267 (87.2%) | loss: 3.707431 | lrm: 0.26 | dt: 1011ms | tok/sec: 64,822 | mfu: 1.3% | epoch: 1 | remaining: 37s    
step 00268 (87.6%) | loss: 3.706511 | lrm: 0.25 | dt: 1022ms | tok/sec: 64,106 | mfu: 1.3% | epoch: 1 | remaining: 36s    
step 00269 (87.9%) | loss: 3.708339 | lrm: 0.24 | dt: 1019ms | tok/sec: 64,316 | mfu: 1.3% | epoch: 1 | remaining: 35s    
step 00270 (88.3%) | loss: 3.703321 | lrm: 0.23 | dt: 1025ms | tok/sec: 63,954 | mfu: 1.3% | epoch: 1 | remaining: 34s    
step 00271 (88.6%) | loss: 3.702350 | lrm: 0.23 | dt: 1021ms | tok/sec: 64,219 | mfu: 1.3% | epoch: 1 | remaining: 33s    
step 00272 (88.9%) | loss: 3.699201 | lrm: 0.22 | dt: 1021ms | tok/sec: 64,218 | mfu: 1.3% | epoch: 1 | remaining: 32s    
step 00273 (89.3%) | loss: 3.695271 | lrm: 0.21 | dt: 1020ms | tok/sec: 64,225 | mfu: 1.3% | epoch: 1 | remaining: 31s    
step 00274 (89.6%) | loss: 3.692451 | lrm: 0.21 | dt: 1024ms | tok/sec: 64,009 | mfu: 1.3% | epoch: 1 | remaining: 30s    
step 00275 (90.0%) | loss: 3.691853 | lrm: 0.20 | dt: 1023ms | tok/sec: 64,041 | mfu: 1.3% | epoch: 1 | remaining: 29s    
step 00276 (90.3%) | loss: 3.688115 | lrm: 0.19 | dt: 1022ms | tok/sec: 64,104 | mfu: 1.3% | epoch: 1 | remaining: 28s    
step 00277 (90.6%) | loss: 3.688400 | lrm: 0.19 | dt: 1019ms | tok/sec: 64,302 | mfu: 1.3% | epoch: 1 | remaining: 27s    
step 00278 (91.0%) | loss: 3.688402 | lrm: 0.18 | dt: 1025ms | tok/sec: 63,966 | mfu: 1.3% | epoch: 1 | remaining: 26s    
step 00279 (91.3%) | loss: 3.682557 | lrm: 0.17 | dt: 1023ms | tok/sec: 64,048 | mfu: 1.3% | epoch: 1 | remaining: 25s    
step 00280 (91.7%) | loss: 3.684005 | lrm: 0.17 | dt: 1024ms | tok/sec: 64,019 | mfu: 1.3% | epoch: 1 | remaining: 24s    
step 00281 (92.0%) | loss: 3.686108 | lrm: 0.16 | dt: 1022ms | tok/sec: 64,131 | mfu: 1.3% | epoch: 1 | remaining: 23s    
step 00282 (92.3%) | loss: 3.680862 | lrm: 0.15 | dt: 1024ms | tok/sec: 63,991 | mfu: 1.3% | epoch: 1 | remaining: 22s    
step 00283 (92.7%) | loss: 3.678838 | lrm: 0.15 | dt: 1021ms | tok/sec: 64,173 | mfu: 1.3% | epoch: 1 | remaining: 21s    
step 00284 (93.0%) | loss: 3.680370 | lrm: 0.14 | dt: 1024ms | tok/sec: 64,002 | mfu: 1.3% | epoch: 1 | remaining: 20s    
step 00285 (93.4%) | loss: 3.677573 | lrm: 0.13 | dt: 1019ms | tok/sec: 64,326 | mfu: 1.3% | epoch: 1 | remaining: 19s    
step 00286 (93.7%) | loss: 3.670486 | lrm: 0.13 | dt: 1020ms | tok/sec: 64,257 | mfu: 1.3% | epoch: 1 | remaining: 18s    
step 00287 (94.1%) | loss: 3.671842 | lrm: 0.12 | dt: 1021ms | tok/sec: 64,179 | mfu: 1.3% | epoch: 1 | remaining: 17s    
step 00288 (94.4%) | loss: 3.669770 | lrm: 0.11 | dt: 1019ms | tok/sec: 64,318 | mfu: 1.3% | epoch: 1 | remaining: 16s    
step 00289 (94.7%) | loss: 3.670750 | lrm: 0.11 | dt: 1027ms | tok/sec: 63,843 | mfu: 1.3% | epoch: 1 | remaining: 15s    
step 00290 (95.1%) | loss: 3.665856 | lrm: 0.10 | dt: 1021ms | tok/sec: 64,166 | mfu: 1.3% | epoch: 1 | remaining: 14s    
step 00291 (95.4%) | loss: 3.664979 | lrm: 0.09 | dt: 1021ms | tok/sec: 64,169 | mfu: 1.3% | epoch: 1 | remaining: 13s    
step 00292 (95.8%) | loss: 3.660110 | lrm: 0.08 | dt: 1022ms | tok/sec: 64,142 | mfu: 1.3% | epoch: 1 | remaining: 12s    
step 00293 (96.1%) | loss: 3.662662 | lrm: 0.08 | dt: 1024ms | tok/sec: 63,977 | mfu: 1.3% | epoch: 1 | remaining: 11s    
step 00294 (96.4%) | loss: 3.661885 | lrm: 0.07 | dt: 1021ms | tok/sec: 64,189 | mfu: 1.3% | epoch: 1 | remaining: 10s    
step 00295 (96.8%) | loss: 3.658577 | lrm: 0.06 | dt: 1021ms | tok/sec: 64,164 | mfu: 1.3% | epoch: 1 | remaining: 9s    
step 00296 (97.1%) | loss: 3.660637 | lrm: 0.06 | dt: 1024ms | tok/sec: 63,995 | mfu: 1.3% | epoch: 1 | remaining: 8s    
step 00297 (97.5%) | loss: 3.657346 | lrm: 0.05 | dt: 1024ms | tok/sec: 63,991 | mfu: 1.3% | epoch: 1 | remaining: 7s    
step 00298 (97.8%) | loss: 3.662826 | lrm: 0.04 | dt: 1022ms | tok/sec: 64,152 | mfu: 1.3% | epoch: 1 | remaining: 6s    
step 00299 (98.1%) | loss: 3.660518 | lrm: 0.04 | dt: 1020ms | tok/sec: 64,247 | mfu: 1.3% | epoch: 1 | remaining: 5s    
step 00300 (98.5%) | loss: 3.658742 | lrm: 0.03 | dt: 1019ms | tok/sec: 64,286 | mfu: 1.3% | epoch: 1 | remaining: 4s    
step 00301 (98.8%) | loss: 3.657283 | lrm: 0.02 | dt: 1024ms | tok/sec: 64,012 | mfu: 1.3% | epoch: 1 | remaining: 3s    
step 00302 (99.2%) | loss: 3.663620 | lrm: 0.02 | dt: 1021ms | tok/sec: 64,217 | mfu: 1.3% | epoch: 1 | remaining: 1s    
step 00303 (99.5%) | loss: 3.657675 | lrm: 0.01 | dt: 1022ms | tok/sec: 64,151 | mfu: 1.3% | epoch: 1 | remaining: 0s    
step 00304 (99.8%) | loss: 3.659169 | lrm: 0.00 | dt: 1019ms | tok/sec: 64,282 | mfu: 1.3% | epoch: 1 | remaining: 0s    
---
val_bpb:          1.270200
training_seconds: 300.5
total_seconds:    519.0
peak_vram_mb:     13473.2
mfu_percent:      1.31
total_tokens_M:   20.0
num_steps:        305
num_params_M:     50.3
depth:            8
/content/autoresearch/train_gpu_pytorch.py:613: FutureWarning: `torch.cuda.amp.GradScaler(args...)` is deprecated. Please use `torch.amp.GradScaler('cuda', args...)` instead.
  scaler = torch.cuda.amp.GradScaler(enabled=(DTYPE == torch.float16))
